# do {_246tb_ex10_tb_compile.do}
# Model Technology ModelSim PE vmap 10.4c Lib Mapping Utility 2015.07 Jul 20 2015
# vmap xil_defaultlib msim/xil_defaultlib 
# Modifying modelsim.ini
# ** Warning: (vlog-159) Mode option -64 is not supported in this context and will be ignored.
# 
# Model Technology ModelSim PE vlog 10.4c Compiler 2015.07 Jul 20 2015
# Start time: 23:11:47 on Sep 12,2026
# vlog -64 -incr -work xil_defaultlib _246tb_ex10_tb_time_synth.v ../../../../CPU54.srcs/sim_1/new/testbench_cpu54_single.v 
# -- Compiling module RAM32X1S_UNIQ_BASE_
# -- Compiling module RAM32X1S_HD100
# -- Compiling module RAM32X1S_HD101
# -- Compiling module RAM32X1S_HD102
# -- Compiling module RAM32X1S_HD103
# -- Compiling module RAM32X1S_HD104
# -- Compiling module RAM32X1S_HD105
# -- Compiling module RAM32X1S_HD106
# -- Compiling module RAM32X1S_HD107
# -- Compiling module RAM32X1S_HD108
# -- Compiling module RAM32X1S_HD109
# -- Compiling module RAM32X1S_HD110
# -- Compiling module RAM32X1S_HD111
# -- Compiling module RAM32X1S_HD112
# -- Compiling module RAM32X1S_HD113
# -- Compiling module RAM32X1S_HD114
# -- Compiling module RAM32X1S_HD115
# -- Compiling module RAM32X1S_HD116
# -- Compiling module RAM32X1S_HD117
# -- Compiling module RAM32X1S_HD118
# -- Compiling module RAM32X1S_HD119
# -- Compiling module RAM32X1S_HD120
# -- Compiling module RAM32X1S_HD121
# -- Compiling module RAM32X1S_HD122
# -- Compiling module RAM32X1S_HD123
# -- Compiling module RAM32X1S_HD124
# -- Compiling module RAM32X1S_HD94
# -- Compiling module RAM32X1S_HD95
# -- Compiling module RAM32X1S_HD96
# -- Compiling module RAM32X1S_HD97
# -- Compiling module RAM32X1S_HD98
# -- Compiling module RAM32X1S_HD99
# -- Compiling module dist_mem_gen_0
# -- Compiling module CP0
# -- Compiling module DIV
# -- Compiling module DMEM
# -- Compiling module HI_LO
# -- Compiling module IMEM
# -- Compiling module MUL
# -- Compiling module PC
# -- Compiling module cpu
# -- Compiling module regfile
# -- Compiling module sccomp_dataflow
# -- Compiling module dist_mem_gen_0_dist_mem_gen_v8_0_10
# -- Compiling module glbl
# -- Compiling module _246tb_ex10_tb
# 
# Top level modules:
# 	glbl
# 	_246tb_ex10_tb
# End time: 23:11:47 on Sep 12,2026, Elapsed time: 0:00:00
# Errors: 0, Warnings: 1
