
*** Running vivado
    with args -log sccomp_board.vds -m64 -mode batch -messageDb vivado.pb -notrace -source sccomp_board.tcl


****** Vivado v2016.2 (64-bit)
  **** SW Build 1577090 on Thu Jun  2 16:32:40 MDT 2016
  **** IP Build 1577682 on Fri Jun  3 12:00:54 MDT 2016
    ** Copyright 1986-2016 Xilinx, Inc. All Rights Reserved.

source sccomp_board.tcl -notrace
Command: synth_design -top sccomp_board -part xc7a100tcsg324-1
Starting synth_design
Attempting to get a license for feature 'Synthesis' and/or device 'xc7a100t'
INFO: [Common 17-349] Got license for feature 'Synthesis' and/or device 'xc7a100t'
INFO: Launching helper process for spawning children vivado processes
INFO: Helper process launched with PID 3168 
---------------------------------------------------------------------------------
Starting RTL Elaboration : Time (s): cpu = 00:00:05 ; elapsed = 00:00:06 . Memory (MB): peak = 269.570 ; gain = 61.934
---------------------------------------------------------------------------------
INFO: [Synth 8-638] synthesizing module 'sccomp_board' [D:/Xilinx/Vivado_projects/CPU31/CPU31/CPU31.srcs/sources_1/new/sccomp_board.v:22]
INFO: [Synth 8-638] synthesizing module 'sccomp_dataflow' [D:/Xilinx/Vivado_projects/CPU31/CPU31/CPU31.srcs/sources_1/new/sccomp_dataflow.v:23]
INFO: [Synth 8-638] synthesizing module 'cpu' [D:/Xilinx/Vivado_projects/CPU31/CPU31/CPU31.srcs/sources_1/new/cpu.v:22]
INFO: [Synth 8-638] synthesizing module 'PC' [D:/Xilinx/Vivado_projects/CPU31/CPU31/CPU31.srcs/sources_1/new/PC.v:23]
INFO: [Synth 8-256] done synthesizing module 'PC' (1#1) [D:/Xilinx/Vivado_projects/CPU31/CPU31/CPU31.srcs/sources_1/new/PC.v:23]
INFO: [Synth 8-638] synthesizing module 'inst_decoder' [D:/Xilinx/Vivado_projects/CPU31/CPU31/CPU31.srcs/sources_1/new/inst_decoder.v:23]
INFO: [Synth 8-256] done synthesizing module 'inst_decoder' (2#1) [D:/Xilinx/Vivado_projects/CPU31/CPU31/CPU31.srcs/sources_1/new/inst_decoder.v:23]
INFO: [Synth 8-638] synthesizing module 'controller' [D:/Xilinx/Vivado_projects/CPU31/CPU31/CPU31.srcs/sources_1/new/controller.v:23]
INFO: [Synth 8-256] done synthesizing module 'controller' (3#1) [D:/Xilinx/Vivado_projects/CPU31/CPU31/CPU31.srcs/sources_1/new/controller.v:23]
INFO: [Synth 8-638] synthesizing module 'regfile' [D:/Xilinx/Vivado_projects/CPU31/CPU31/CPU31.srcs/sources_1/new/regfile.v:22]
INFO: [Synth 8-256] done synthesizing module 'regfile' (4#1) [D:/Xilinx/Vivado_projects/CPU31/CPU31/CPU31.srcs/sources_1/new/regfile.v:22]
INFO: [Synth 8-638] synthesizing module 'alu' [D:/Xilinx/Vivado_projects/CPU31/CPU31/CPU31.srcs/sources_1/new/alu.v:22]
INFO: [Synth 8-226] default block is never used [D:/Xilinx/Vivado_projects/CPU31/CPU31/CPU31.srcs/sources_1/new/alu.v:53]
INFO: [Synth 8-256] done synthesizing module 'alu' (5#1) [D:/Xilinx/Vivado_projects/CPU31/CPU31/CPU31.srcs/sources_1/new/alu.v:22]
INFO: [Synth 8-256] done synthesizing module 'cpu' (6#1) [D:/Xilinx/Vivado_projects/CPU31/CPU31/CPU31.srcs/sources_1/new/cpu.v:22]
INFO: [Synth 8-638] synthesizing module 'IMEM' [D:/Xilinx/Vivado_projects/CPU31/CPU31/CPU31.srcs/sources_1/new/IMEM.v:23]
INFO: [Synth 8-638] synthesizing module 'dist_mem_gen_0' [D:/Xilinx/Vivado_projects/CPU31/CPU31/CPU31.runs/synth_1/.Xil/Vivado-24728-Xalepitory/realtime/dist_mem_gen_0_stub.v:6]
INFO: [Synth 8-256] done synthesizing module 'dist_mem_gen_0' (7#1) [D:/Xilinx/Vivado_projects/CPU31/CPU31/CPU31.runs/synth_1/.Xil/Vivado-24728-Xalepitory/realtime/dist_mem_gen_0_stub.v:6]
INFO: [Synth 8-256] done synthesizing module 'IMEM' (8#1) [D:/Xilinx/Vivado_projects/CPU31/CPU31/CPU31.srcs/sources_1/new/IMEM.v:23]
INFO: [Synth 8-638] synthesizing module 'DMEM' [D:/Xilinx/Vivado_projects/CPU31/CPU31/CPU31.srcs/sources_1/new/DMEM.v:23]
INFO: [Synth 8-256] done synthesizing module 'DMEM' (9#1) [D:/Xilinx/Vivado_projects/CPU31/CPU31/CPU31.srcs/sources_1/new/DMEM.v:23]
INFO: [Synth 8-256] done synthesizing module 'sccomp_dataflow' (10#1) [D:/Xilinx/Vivado_projects/CPU31/CPU31/CPU31.srcs/sources_1/new/sccomp_dataflow.v:23]
INFO: [Synth 8-638] synthesizing module 'seg7x16' [D:/Xilinx/Vivado_projects/CPU31/CPU31/CPU31.srcs/sources_1/new/seg7x16.v:21]
INFO: [Synth 8-155] case statement is not full and has no default [D:/Xilinx/Vivado_projects/CPU31/CPU31/CPU31.srcs/sources_1/new/seg7x16.v:86]
INFO: [Synth 8-256] done synthesizing module 'seg7x16' (11#1) [D:/Xilinx/Vivado_projects/CPU31/CPU31/CPU31.srcs/sources_1/new/seg7x16.v:21]
INFO: [Synth 8-256] done synthesizing module 'sccomp_board' (12#1) [D:/Xilinx/Vivado_projects/CPU31/CPU31/CPU31.srcs/sources_1/new/sccomp_board.v:22]
---------------------------------------------------------------------------------
Finished RTL Elaboration : Time (s): cpu = 00:00:06 ; elapsed = 00:00:07 . Memory (MB): peak = 306.887 ; gain = 99.250
---------------------------------------------------------------------------------

Report Check Netlist: 
+------+------------------+-------+---------+-------+------------------+
|      |Item              |Errors |Warnings |Status |Description       |
+------+------------------+-------+---------+-------+------------------+
|1     |multi_driven_nets |      0|        0|Passed |Multi driven nets |
+------+------------------+-------+---------+-------+------------------+
---------------------------------------------------------------------------------
Finished RTL Optimization Phase 1 : Time (s): cpu = 00:00:06 ; elapsed = 00:00:08 . Memory (MB): peak = 306.887 ; gain = 99.250
---------------------------------------------------------------------------------
WARNING: [Project 1-486] Could not resolve non-primitive black box cell 'dist_mem_gen_0' instantiated as 'sccomp/imem/imem' [D:/Xilinx/Vivado_projects/CPU31/CPU31/CPU31.srcs/sources_1/new/IMEM.v:27]
INFO: [Device 21-403] Loading part xc7a100tcsg324-1
INFO: [Project 1-570] Preparing netlist for logic optimization

Processing XDC Constraints
Initializing timing engine
Parsing XDC File [D:/Xilinx/Vivado_projects/CPU31/CPU31/CPU31.runs/synth_1/.Xil/Vivado-24728-Xalepitory/dcp/dist_mem_gen_0_in_context.xdc] for cell 'sccomp/imem/imem'
Finished Parsing XDC File [D:/Xilinx/Vivado_projects/CPU31/CPU31/CPU31.runs/synth_1/.Xil/Vivado-24728-Xalepitory/dcp/dist_mem_gen_0_in_context.xdc] for cell 'sccomp/imem/imem'
Parsing XDC File [D:/Xilinx/Vivado_projects/CPU31/CPU31/CPU31.srcs/constrs_1/new/icf.xdc]
Finished Parsing XDC File [D:/Xilinx/Vivado_projects/CPU31/CPU31/CPU31.srcs/constrs_1/new/icf.xdc]
INFO: [Project 1-236] Implementation specific constraints were found while reading constraint file [D:/Xilinx/Vivado_projects/CPU31/CPU31/CPU31.srcs/constrs_1/new/icf.xdc]. These constraints will be ignored for synthesis but will be used in implementation. Impacted constraints are listed in the file [.Xil/sccomp_board_propImpl.xdc].
Resolution: To avoid this warning, move constraints listed in [.Xil/sccomp_board_propImpl.xdc] to another XDC file and exclude this new file from synthesis with the used_in_synthesis property (File Properties dialog in GUI) and re-run elaboration/synthesis.
Completed Processing XDC Constraints

INFO: [Project 1-111] Unisim Transformation Summary:
No Unisim elements were transformed.

Constraint Validation Runtime : Time (s): cpu = 00:00:00 ; elapsed = 00:00:00.002 . Memory (MB): peak = 614.832 ; gain = 0.000
---------------------------------------------------------------------------------
Finished Constraint Validation : Time (s): cpu = 00:00:14 ; elapsed = 00:00:16 . Memory (MB): peak = 614.832 ; gain = 407.195
---------------------------------------------------------------------------------
---------------------------------------------------------------------------------
Start Loading Part and Timing Information
---------------------------------------------------------------------------------
Loading part: xc7a100tcsg324-1
---------------------------------------------------------------------------------
Finished Loading Part and Timing Information : Time (s): cpu = 00:00:14 ; elapsed = 00:00:16 . Memory (MB): peak = 614.832 ; gain = 407.195
---------------------------------------------------------------------------------
---------------------------------------------------------------------------------
Start Applying 'set_property' XDC Constraints
---------------------------------------------------------------------------------
---------------------------------------------------------------------------------
Finished applying 'set_property' XDC Constraints : Time (s): cpu = 00:00:14 ; elapsed = 00:00:17 . Memory (MB): peak = 614.832 ; gain = 407.195
---------------------------------------------------------------------------------
INFO: [Synth 8-5546] ROM "array_reg_reg[31]" won't be mapped to RAM because it is too sparse
INFO: [Synth 8-5546] ROM "array_reg_reg[30]" won't be mapped to RAM because it is too sparse
INFO: [Synth 8-5546] ROM "array_reg_reg[29]" won't be mapped to RAM because it is too sparse
INFO: [Synth 8-5546] ROM "array_reg_reg[28]" won't be mapped to RAM because it is too sparse
INFO: [Synth 8-5546] ROM "array_reg_reg[27]" won't be mapped to RAM because it is too sparse
INFO: [Synth 8-5546] ROM "array_reg_reg[26]" won't be mapped to RAM because it is too sparse
INFO: [Synth 8-5546] ROM "array_reg_reg[25]" won't be mapped to RAM because it is too sparse
INFO: [Synth 8-5546] ROM "array_reg_reg[24]" won't be mapped to RAM because it is too sparse
INFO: [Synth 8-5546] ROM "array_reg_reg[23]" won't be mapped to RAM because it is too sparse
INFO: [Synth 8-5546] ROM "array_reg_reg[22]" won't be mapped to RAM because it is too sparse
INFO: [Synth 8-5546] ROM "array_reg_reg[21]" won't be mapped to RAM because it is too sparse
INFO: [Synth 8-5546] ROM "array_reg_reg[20]" won't be mapped to RAM because it is too sparse
INFO: [Synth 8-5546] ROM "array_reg_reg[19]" won't be mapped to RAM because it is too sparse
INFO: [Synth 8-5546] ROM "array_reg_reg[18]" won't be mapped to RAM because it is too sparse
INFO: [Synth 8-5546] ROM "array_reg_reg[17]" won't be mapped to RAM because it is too sparse
INFO: [Synth 8-5546] ROM "array_reg_reg[16]" won't be mapped to RAM because it is too sparse
INFO: [Synth 8-5546] ROM "array_reg_reg[15]" won't be mapped to RAM because it is too sparse
INFO: [Synth 8-5546] ROM "array_reg_reg[14]" won't be mapped to RAM because it is too sparse
INFO: [Synth 8-5546] ROM "array_reg_reg[13]" won't be mapped to RAM because it is too sparse
INFO: [Synth 8-5546] ROM "array_reg_reg[12]" won't be mapped to RAM because it is too sparse
INFO: [Synth 8-5546] ROM "array_reg_reg[11]" won't be mapped to RAM because it is too sparse
INFO: [Synth 8-5546] ROM "array_reg_reg[10]" won't be mapped to RAM because it is too sparse
INFO: [Synth 8-5546] ROM "array_reg_reg[9]" won't be mapped to RAM because it is too sparse
INFO: [Synth 8-5546] ROM "array_reg_reg[8]" won't be mapped to RAM because it is too sparse
INFO: [Synth 8-5546] ROM "array_reg_reg[7]" won't be mapped to RAM because it is too sparse
INFO: [Synth 8-5546] ROM "array_reg_reg[6]" won't be mapped to RAM because it is too sparse
INFO: [Synth 8-5546] ROM "array_reg_reg[5]" won't be mapped to RAM because it is too sparse
INFO: [Synth 8-5546] ROM "array_reg_reg[4]" won't be mapped to RAM because it is too sparse
INFO: [Synth 8-5546] ROM "array_reg_reg[3]" won't be mapped to RAM because it is too sparse
INFO: [Synth 8-5546] ROM "array_reg_reg[2]" won't be mapped to RAM because it is too sparse
INFO: [Synth 8-5546] ROM "array_reg_reg[1]" won't be mapped to RAM because it is too sparse
INFO: [Synth 8-5546] ROM "array_reg_reg[0]" won't be mapped to RAM because it is too sparse
INFO: [Synth 8-5546] ROM "o_seg_r" won't be mapped to RAM because it is too sparse
INFO: [Synth 8-5545] ROM "cpu_clk" won't be mapped to RAM because address size (26) is larger than maximum supported(25)
---------------------------------------------------------------------------------
Finished RTL Optimization Phase 2 : Time (s): cpu = 00:00:15 ; elapsed = 00:00:17 . Memory (MB): peak = 614.832 ; gain = 407.195
---------------------------------------------------------------------------------

Report RTL Partitions: 
+-+--------------+------------+----------+
| |RTL Partition |Replication |Instances |
+-+--------------+------------+----------+
+-+--------------+------------+----------+
---------------------------------------------------------------------------------
Start RTL Component Statistics 
---------------------------------------------------------------------------------
Detailed RTL Component Info : 
+---Adders : 
	   2 Input     33 Bit       Adders := 1     
	   3 Input     33 Bit       Adders := 1     
	   2 Input     32 Bit       Adders := 3     
	   3 Input     32 Bit       Adders := 1     
	   2 Input     26 Bit       Adders := 1     
	   2 Input      5 Bit       Adders := 1     
	   2 Input      3 Bit       Adders := 1     
+---XORs : 
	   2 Input     32 Bit         XORs := 1     
+---Registers : 
	               32 Bit    Registers := 34    
	               26 Bit    Registers := 1     
	                8 Bit    Registers := 1     
	                3 Bit    Registers := 1     
	                1 Bit    Registers := 1     
+---RAMs : 
	             1024 Bit         RAMs := 1     
+---Muxes : 
	  33 Input     32 Bit        Muxes := 2     
	   2 Input     32 Bit        Muxes := 9     
	   2 Input     26 Bit        Muxes := 1     
	   2 Input      8 Bit        Muxes := 1     
	  16 Input      8 Bit        Muxes := 1     
	   8 Input      8 Bit        Muxes := 1     
	   2 Input      5 Bit        Muxes := 3     
	   2 Input      1 Bit        Muxes := 36    
	  14 Input      1 Bit        Muxes := 2     
---------------------------------------------------------------------------------
Finished RTL Component Statistics 
---------------------------------------------------------------------------------
---------------------------------------------------------------------------------
Start RTL Hierarchical Component Statistics 
---------------------------------------------------------------------------------
Hierarchical RTL Component report 
Module sccomp_board 
Detailed RTL Component Info : 
+---Adders : 
	   2 Input     26 Bit       Adders := 1     
+---Registers : 
	               26 Bit    Registers := 1     
	                1 Bit    Registers := 1     
+---Muxes : 
	   2 Input     26 Bit        Muxes := 1     
	   2 Input      1 Bit        Muxes := 1     
Module PC 
Detailed RTL Component Info : 
+---Registers : 
	               32 Bit    Registers := 1     
Module regfile 
Detailed RTL Component Info : 
+---Registers : 
	               32 Bit    Registers := 32    
+---Muxes : 
	  33 Input     32 Bit        Muxes := 2     
	   2 Input      1 Bit        Muxes := 32    
Module alu 
Detailed RTL Component Info : 
+---Adders : 
	   2 Input     33 Bit       Adders := 1     
	   3 Input     33 Bit       Adders := 1     
	   2 Input     32 Bit       Adders := 1     
	   3 Input     32 Bit       Adders := 1     
	   2 Input      5 Bit       Adders := 1     
+---XORs : 
	   2 Input     32 Bit         XORs := 1     
+---Muxes : 
	   2 Input      1 Bit        Muxes := 3     
	  14 Input      1 Bit        Muxes := 2     
Module cpu 
Detailed RTL Component Info : 
+---Adders : 
	   2 Input     32 Bit       Adders := 2     
+---Muxes : 
	   2 Input     32 Bit        Muxes := 8     
	   2 Input      5 Bit        Muxes := 3     
Module DMEM 
Detailed RTL Component Info : 
+---RAMs : 
	             1024 Bit         RAMs := 1     
+---Muxes : 
	   2 Input     32 Bit        Muxes := 1     
Module seg7x16 
Detailed RTL Component Info : 
+---Adders : 
	   2 Input      3 Bit       Adders := 1     
+---Registers : 
	               32 Bit    Registers := 1     
	                8 Bit    Registers := 1     
	                3 Bit    Registers := 1     
+---Muxes : 
	   2 Input      8 Bit        Muxes := 1     
	  16 Input      8 Bit        Muxes := 1     
	   8 Input      8 Bit        Muxes := 1     
---------------------------------------------------------------------------------
Finished RTL Hierarchical Component Statistics
---------------------------------------------------------------------------------
---------------------------------------------------------------------------------
Start Part Resource Summary
---------------------------------------------------------------------------------
Part Resources:
DSPs: 240 (col length:80)
BRAMs: 270 (col length: RAMB18 80 RAMB36 40)
---------------------------------------------------------------------------------
Finished Part Resource Summary
---------------------------------------------------------------------------------
Start Parallel Synthesis Optimization  : Time (s): cpu = 00:00:15 ; elapsed = 00:00:18 . Memory (MB): peak = 614.832 ; gain = 407.195
---------------------------------------------------------------------------------
Start Cross Boundary Optimization
---------------------------------------------------------------------------------
INFO: [Synth 8-5545] ROM "cpu_clk" won't be mapped to RAM because address size (26) is larger than maximum supported(25)
---------------------------------------------------------------------------------
Finished Cross Boundary Optimization : Time (s): cpu = 00:00:16 ; elapsed = 00:00:18 . Memory (MB): peak = 614.832 ; gain = 407.195
---------------------------------------------------------------------------------
Finished Parallel Reinference  : Time (s): cpu = 00:00:16 ; elapsed = 00:00:18 . Memory (MB): peak = 614.832 ; gain = 407.195

Report RTL Partitions: 
+-+--------------+------------+----------+
| |RTL Partition |Replication |Instances |
+-+--------------+------------+----------+
+-+--------------+------------+----------+
---------------------------------------------------------------------------------
Start ROM, RAM, DSP and Shift Register Reporting
---------------------------------------------------------------------------------

Distributed RAM: Preliminary Mapping  Report (see note below)
+-------------+--------------------------+-----------+----------------------+-----------------+
|Module Name  | RTL Object               | Inference | Size (Depth x Width) | Primitives      | 
+-------------+--------------------------+-----------+----------------------+-----------------+
|sccomp_board | sccomp/dmem/data_mem_reg | Implied   | 32 x 32              | RAM32X1S x 32   | 
+-------------+--------------------------+-----------+----------------------+-----------------+

Note: The table above is a preliminary report that shows the Distributed RAMs at the current stage of the synthesis flow. Some Distributed RAMs may be reimplemented as non Distributed RAM primitives later in the synthesis flow. Multiple instantiated RAMs are reported only once.
---------------------------------------------------------------------------------
Finished ROM, RAM, DSP and Shift Register Reporting
---------------------------------------------------------------------------------
---------------------------------------------------------------------------------
Start Area Optimization
---------------------------------------------------------------------------------
INFO: [Synth 8-3333] propagating constant 1 across sequential element (\seg7/o_seg_r_reg[7] )
WARNING: [Synth 8-3332] Sequential element (sccomp/sccpu/cpu_ref/array_reg_reg[0][31]) is unused and will be removed from module sccomp_board.
WARNING: [Synth 8-3332] Sequential element (sccomp/sccpu/cpu_ref/array_reg_reg[0][30]) is unused and will be removed from module sccomp_board.
WARNING: [Synth 8-3332] Sequential element (sccomp/sccpu/cpu_ref/array_reg_reg[0][29]) is unused and will be removed from module sccomp_board.
WARNING: [Synth 8-3332] Sequential element (sccomp/sccpu/cpu_ref/array_reg_reg[0][28]) is unused and will be removed from module sccomp_board.
WARNING: [Synth 8-3332] Sequential element (sccomp/sccpu/cpu_ref/array_reg_reg[0][27]) is unused and will be removed from module sccomp_board.
WARNING: [Synth 8-3332] Sequential element (sccomp/sccpu/cpu_ref/array_reg_reg[0][26]) is unused and will be removed from module sccomp_board.
WARNING: [Synth 8-3332] Sequential element (sccomp/sccpu/cpu_ref/array_reg_reg[0][25]) is unused and will be removed from module sccomp_board.
WARNING: [Synth 8-3332] Sequential element (sccomp/sccpu/cpu_ref/array_reg_reg[0][24]) is unused and will be removed from module sccomp_board.
WARNING: [Synth 8-3332] Sequential element (sccomp/sccpu/cpu_ref/array_reg_reg[0][23]) is unused and will be removed from module sccomp_board.
WARNING: [Synth 8-3332] Sequential element (sccomp/sccpu/cpu_ref/array_reg_reg[0][22]) is unused and will be removed from module sccomp_board.
WARNING: [Synth 8-3332] Sequential element (sccomp/sccpu/cpu_ref/array_reg_reg[0][21]) is unused and will be removed from module sccomp_board.
WARNING: [Synth 8-3332] Sequential element (sccomp/sccpu/cpu_ref/array_reg_reg[0][20]) is unused and will be removed from module sccomp_board.
WARNING: [Synth 8-3332] Sequential element (sccomp/sccpu/cpu_ref/array_reg_reg[0][19]) is unused and will be removed from module sccomp_board.
WARNING: [Synth 8-3332] Sequential element (sccomp/sccpu/cpu_ref/array_reg_reg[0][18]) is unused and will be removed from module sccomp_board.
WARNING: [Synth 8-3332] Sequential element (sccomp/sccpu/cpu_ref/array_reg_reg[0][17]) is unused and will be removed from module sccomp_board.
WARNING: [Synth 8-3332] Sequential element (sccomp/sccpu/cpu_ref/array_reg_reg[0][16]) is unused and will be removed from module sccomp_board.
WARNING: [Synth 8-3332] Sequential element (sccomp/sccpu/cpu_ref/array_reg_reg[0][15]) is unused and will be removed from module sccomp_board.
WARNING: [Synth 8-3332] Sequential element (sccomp/sccpu/cpu_ref/array_reg_reg[0][14]) is unused and will be removed from module sccomp_board.
WARNING: [Synth 8-3332] Sequential element (sccomp/sccpu/cpu_ref/array_reg_reg[0][13]) is unused and will be removed from module sccomp_board.
WARNING: [Synth 8-3332] Sequential element (sccomp/sccpu/cpu_ref/array_reg_reg[0][12]) is unused and will be removed from module sccomp_board.
WARNING: [Synth 8-3332] Sequential element (sccomp/sccpu/cpu_ref/array_reg_reg[0][11]) is unused and will be removed from module sccomp_board.
WARNING: [Synth 8-3332] Sequential element (sccomp/sccpu/cpu_ref/array_reg_reg[0][10]) is unused and will be removed from module sccomp_board.
WARNING: [Synth 8-3332] Sequential element (sccomp/sccpu/cpu_ref/array_reg_reg[0][9]) is unused and will be removed from module sccomp_board.
WARNING: [Synth 8-3332] Sequential element (sccomp/sccpu/cpu_ref/array_reg_reg[0][8]) is unused and will be removed from module sccomp_board.
WARNING: [Synth 8-3332] Sequential element (sccomp/sccpu/cpu_ref/array_reg_reg[0][7]) is unused and will be removed from module sccomp_board.
WARNING: [Synth 8-3332] Sequential element (sccomp/sccpu/cpu_ref/array_reg_reg[0][6]) is unused and will be removed from module sccomp_board.
WARNING: [Synth 8-3332] Sequential element (sccomp/sccpu/cpu_ref/array_reg_reg[0][5]) is unused and will be removed from module sccomp_board.
WARNING: [Synth 8-3332] Sequential element (sccomp/sccpu/cpu_ref/array_reg_reg[0][4]) is unused and will be removed from module sccomp_board.
WARNING: [Synth 8-3332] Sequential element (sccomp/sccpu/cpu_ref/array_reg_reg[0][3]) is unused and will be removed from module sccomp_board.
WARNING: [Synth 8-3332] Sequential element (sccomp/sccpu/cpu_ref/array_reg_reg[0][2]) is unused and will be removed from module sccomp_board.
WARNING: [Synth 8-3332] Sequential element (sccomp/sccpu/cpu_ref/array_reg_reg[0][1]) is unused and will be removed from module sccomp_board.
WARNING: [Synth 8-3332] Sequential element (sccomp/sccpu/cpu_ref/array_reg_reg[0][0]) is unused and will be removed from module sccomp_board.
WARNING: [Synth 8-3332] Sequential element (seg7/o_seg_r_reg[7]) is unused and will be removed from module sccomp_board.
---------------------------------------------------------------------------------
Finished Area Optimization : Time (s): cpu = 00:00:59 ; elapsed = 00:01:03 . Memory (MB): peak = 629.492 ; gain = 421.855
---------------------------------------------------------------------------------
Finished Parallel Area Optimization  : Time (s): cpu = 00:00:59 ; elapsed = 00:01:03 . Memory (MB): peak = 629.492 ; gain = 421.855

Report RTL Partitions: 
+-+--------------+------------+----------+
| |RTL Partition |Replication |Instances |
+-+--------------+------------+----------+
+-+--------------+------------+----------+
---------------------------------------------------------------------------------
Start Timing Optimization
---------------------------------------------------------------------------------
---------------------------------------------------------------------------------
Start Applying XDC Timing Constraints
---------------------------------------------------------------------------------
---------------------------------------------------------------------------------
Finished Applying XDC Timing Constraints : Time (s): cpu = 00:01:10 ; elapsed = 00:01:14 . Memory (MB): peak = 629.492 ; gain = 421.855
---------------------------------------------------------------------------------
---------------------------------------------------------------------------------
Finished Timing Optimization : Time (s): cpu = 00:01:18 ; elapsed = 00:01:22 . Memory (MB): peak = 632.035 ; gain = 424.398
---------------------------------------------------------------------------------

Report RTL Partitions: 
+-+--------------+------------+----------+
| |RTL Partition |Replication |Instances |
+-+--------------+------------+----------+
+-+--------------+------------+----------+
---------------------------------------------------------------------------------
Start Technology Mapping
---------------------------------------------------------------------------------
---------------------------------------------------------------------------------
Finished Technology Mapping : Time (s): cpu = 00:01:21 ; elapsed = 00:01:26 . Memory (MB): peak = 653.684 ; gain = 446.047
---------------------------------------------------------------------------------
Finished Parallel Technology Mapping Optimization  : Time (s): cpu = 00:01:21 ; elapsed = 00:01:26 . Memory (MB): peak = 653.684 ; gain = 446.047

Report RTL Partitions: 
+-+--------------+------------+----------+
| |RTL Partition |Replication |Instances |
+-+--------------+------------+----------+
+-+--------------+------------+----------+
Finished Parallel Synthesis Optimization  : Time (s): cpu = 00:01:21 ; elapsed = 00:01:26 . Memory (MB): peak = 653.684 ; gain = 446.047
---------------------------------------------------------------------------------
Start IO Insertion
---------------------------------------------------------------------------------
---------------------------------------------------------------------------------
Start Flattening Before IO Insertion
---------------------------------------------------------------------------------
---------------------------------------------------------------------------------
Finished Flattening Before IO Insertion
---------------------------------------------------------------------------------
---------------------------------------------------------------------------------
Start Final Netlist Cleanup
---------------------------------------------------------------------------------
---------------------------------------------------------------------------------
Finished Final Netlist Cleanup
---------------------------------------------------------------------------------
---------------------------------------------------------------------------------
Finished IO Insertion : Time (s): cpu = 00:01:22 ; elapsed = 00:01:27 . Memory (MB): peak = 653.684 ; gain = 446.047
---------------------------------------------------------------------------------

Report Check Netlist: 
+------+------------------+-------+---------+-------+------------------+
|      |Item              |Errors |Warnings |Status |Description       |
+------+------------------+-------+---------+-------+------------------+
|1     |multi_driven_nets |      0|        0|Passed |Multi driven nets |
+------+------------------+-------+---------+-------+------------------+
---------------------------------------------------------------------------------
Start Renaming Generated Instances
---------------------------------------------------------------------------------
---------------------------------------------------------------------------------
Finished Renaming Generated Instances : Time (s): cpu = 00:01:22 ; elapsed = 00:01:27 . Memory (MB): peak = 653.684 ; gain = 446.047
---------------------------------------------------------------------------------

Report RTL Partitions: 
+-+--------------+------------+----------+
| |RTL Partition |Replication |Instances |
+-+--------------+------------+----------+
+-+--------------+------------+----------+
---------------------------------------------------------------------------------
Start Rebuilding User Hierarchy
---------------------------------------------------------------------------------
---------------------------------------------------------------------------------
Finished Rebuilding User Hierarchy : Time (s): cpu = 00:01:22 ; elapsed = 00:01:27 . Memory (MB): peak = 653.684 ; gain = 446.047
---------------------------------------------------------------------------------
---------------------------------------------------------------------------------
Start Renaming Generated Ports
---------------------------------------------------------------------------------
---------------------------------------------------------------------------------
Finished Renaming Generated Ports : Time (s): cpu = 00:01:23 ; elapsed = 00:01:27 . Memory (MB): peak = 653.684 ; gain = 446.047
---------------------------------------------------------------------------------
---------------------------------------------------------------------------------
Start Handling Custom Attributes
---------------------------------------------------------------------------------
---------------------------------------------------------------------------------
Finished Handling Custom Attributes : Time (s): cpu = 00:01:23 ; elapsed = 00:01:27 . Memory (MB): peak = 653.684 ; gain = 446.047
---------------------------------------------------------------------------------
---------------------------------------------------------------------------------
Start Renaming Generated Nets
---------------------------------------------------------------------------------
---------------------------------------------------------------------------------
Finished Renaming Generated Nets : Time (s): cpu = 00:01:23 ; elapsed = 00:01:27 . Memory (MB): peak = 653.684 ; gain = 446.047
---------------------------------------------------------------------------------
---------------------------------------------------------------------------------
Start Writing Synthesis Report
---------------------------------------------------------------------------------

Report BlackBoxes: 
+------+---------------+----------+
|      |BlackBox name  |Instances |
+------+---------------+----------+
|1     |dist_mem_gen_0 |         1|
+------+---------------+----------+

Report Cell Usage: 
+------+---------------+------+
|      |Cell           |Count |
+------+---------------+------+
|1     |dist_mem_gen_0 |     1|
|2     |BUFG           |     2|
|3     |CARRY4         |    57|
|4     |LUT1           |    79|
|5     |LUT2           |   133|
|6     |LUT3           |   110|
|7     |LUT4           |   143|
|8     |LUT5           |   268|
|9     |LUT6           |   856|
|10    |MUXF7          |   288|
|11    |MUXF8          |    64|
|12    |RAM32X1S       |    32|
|13    |FDCE           |  1100|
|14    |FDPE           |     8|
|15    |IBUF           |     2|
|16    |OBUF           |    16|
+------+---------------+------+

Report Instance Areas: 
+------+---------------+----------------+------+
|      |Instance       |Module          |Cells |
+------+---------------+----------------+------+
|1     |top            |                |  3190|
|2     |  sccomp       |sccomp_dataflow |  2928|
|3     |    dmem       |DMEM            |    32|
|4     |    imem       |IMEM            |   772|
|5     |    sccpu      |cpu             |  2124|
|6     |      alu_inst |alu             |    38|
|7     |      cpu_ref  |regfile         |  2006|
|8     |      pc_inst  |PC              |    63|
|9     |  seg7         |seg7x16         |   150|
+------+---------------+----------------+------+
---------------------------------------------------------------------------------
Finished Writing Synthesis Report : Time (s): cpu = 00:01:23 ; elapsed = 00:01:27 . Memory (MB): peak = 653.684 ; gain = 446.047
---------------------------------------------------------------------------------
Synthesis finished with 0 errors, 0 critical warnings and 33 warnings.
Synthesis Optimization Runtime : Time (s): cpu = 00:01:12 ; elapsed = 00:01:19 . Memory (MB): peak = 653.684 ; gain = 138.102
Synthesis Optimization Complete : Time (s): cpu = 00:01:23 ; elapsed = 00:01:27 . Memory (MB): peak = 653.684 ; gain = 446.047
INFO: [Project 1-571] Translating synthesized netlist
INFO: [Netlist 29-17] Analyzing 91 Unisim elements for replacement
INFO: [Netlist 29-28] Unisim Transformation completed in 0 CPU seconds
INFO: [Project 1-570] Preparing netlist for logic optimization
INFO: [Opt 31-138] Pushed 0 inverter(s) to 0 load pin(s).
INFO: [Project 1-111] Unisim Transformation Summary:
  A total of 32 instances were transformed.
  RAM32X1S => RAM32X1S (RAMS32): 32 instances

INFO: [Common 17-83] Releasing license: Synthesis
74 Infos, 34 Warnings, 0 Critical Warnings and 0 Errors encountered.
synth_design completed successfully
synth_design: Time (s): cpu = 00:01:23 ; elapsed = 00:01:27 . Memory (MB): peak = 653.684 ; gain = 446.047
report_utilization: Time (s): cpu = 00:00:00 ; elapsed = 00:00:00.028 . Memory (MB): peak = 653.684 ; gain = 0.000
INFO: [Common 17-206] Exiting Vivado at Mon May 18 19:30:40 2026...
