# do {cpu_tb_compile.do}
# Model Technology ModelSim PE vmap 10.4c Lib Mapping Utility 2015.07 Jul 20 2015
# vmap xil_defaultlib msim/xil_defaultlib 
# Modifying modelsim.ini
# ** Warning: (vlog-159) Mode option -64 is not supported in this context and will be ignored.
# 
# Model Technology ModelSim PE vlog 10.4c Compiler 2015.07 Jul 20 2015
# Start time: 19:51:37 on May 18,2026
# vlog -64 -incr -work xil_defaultlib cpu_tb_time_synth.v ../../../../CPU31.srcs/sources_1/new/regfile.v ../../../../CPU31.srcs/sources_1/new/PC.v ../../../../CPU31.srcs/sources_1/new/inst_decoder.v ../../../../CPU31.srcs/sources_1/new/controller.v ../../../../CPU31.srcs/sources_1/new/alu.v ../../../../CPU31.srcs/sources_1/new/DMEM.v ../../../../CPU31.srcs/sources_1/new/cpu.v ../../../../CPU31.srcs/sources_1/new/IMEM.v ../../../../CPU31.srcs/sources_1/new/sccomp_dataflow.v ../../../../CPU31.srcs/sim_1/new/cpu_tb.v 
# -- Compiling module RAM32X1S_UNIQ_BASE_
# -- Compiling module RAM32X1S_HD1
# -- Compiling module RAM32X1S_HD10
# -- Compiling module RAM32X1S_HD11
# -- Compiling module RAM32X1S_HD12
# -- Compiling module RAM32X1S_HD13
# -- Compiling module RAM32X1S_HD14
# -- Compiling module RAM32X1S_HD15
# -- Compiling module RAM32X1S_HD16
# -- Compiling module RAM32X1S_HD17
# -- Compiling module RAM32X1S_HD18
# -- Compiling module RAM32X1S_HD19
# -- Compiling module RAM32X1S_HD2
# -- Compiling module RAM32X1S_HD20
# -- Compiling module RAM32X1S_HD21
# -- Compiling module RAM32X1S_HD22
# -- Compiling module RAM32X1S_HD23
# -- Compiling module RAM32X1S_HD24
# -- Compiling module RAM32X1S_HD25
# -- Compiling module RAM32X1S_HD26
# -- Compiling module RAM32X1S_HD27
# -- Compiling module RAM32X1S_HD28
# -- Compiling module RAM32X1S_HD29
# -- Compiling module RAM32X1S_HD3
# -- Compiling module RAM32X1S_HD30
# -- Compiling module RAM32X1S_HD31
# -- Compiling module RAM32X1S_HD4
# -- Compiling module RAM32X1S_HD5
# -- Compiling module RAM32X1S_HD6
# -- Compiling module RAM32X1S_HD7
# -- Compiling module RAM32X1S_HD8
# -- Compiling module RAM32X1S_HD9
# -- Compiling module dist_mem_gen_0
# -- Compiling module DMEM
# -- Compiling module IMEM
# -- Compiling module PC
# -- Compiling module alu
# -- Compiling module cpu
# -- Compiling module regfile
# -- Compiling module sccomp_board
# -- Compiling module sccomp_dataflow
# -- Compiling module seg7x16
# -- Compiling module dist_mem_gen_0_dist_mem_gen_v8_0_10
# -- Compiling module dist_mem_gen_0_dist_mem_gen_v8_0_10_synth
# -- Compiling module dist_mem_gen_0_rom
# -- Compiling module glbl
# ** Warning: ../../../../CPU31.srcs/sources_1/new/regfile.v(22): (vlog-2275) 'regfile' already exists and will be overwritten.
# 
# -- Compiling module regfile
# ** Warning: ../../../../CPU31.srcs/sources_1/new/PC.v(23): (vlog-2275) 'PC' already exists and will be overwritten.
# 
# -- Compiling module PC
# -- Compiling module inst_decoder
# -- Compiling module controller
# ** Warning: ../../../../CPU31.srcs/sources_1/new/alu.v(22): (vlog-2275) 'alu' already exists and will be overwritten.
# 
# -- Compiling module alu
# ** Warning: ../../../../CPU31.srcs/sources_1/new/DMEM.v(23): (vlog-2275) 'DMEM' already exists and will be overwritten.
# 
# -- Compiling module DMEM
# ** Warning: ../../../../CPU31.srcs/sources_1/new/cpu.v(22): (vlog-2275) 'cpu' already exists and will be overwritten.
# 
# -- Compiling module cpu
# ** Warning: ../../../../CPU31.srcs/sources_1/new/IMEM.v(23): (vlog-2275) 'IMEM' already exists and will be overwritten.
# 
# -- Compiling module IMEM
# ** Warning: ../../../../CPU31.srcs/sources_1/new/sccomp_dataflow.v(23): (vlog-2275) 'sccomp_dataflow' already exists and will be overwritten.
# 
# -- Compiling module sccomp_dataflow
# -- Compiling module cpu_tb
# 
# Top level modules:
# 	sccomp_board
# 	glbl
# 	cpu_tb
# End time: 19:51:37 on May 18,2026, Elapsed time: 0:00:00
# Errors: 0, Warnings: 8
