# do {cpu_tb_compile.do}
# Model Technology ModelSim PE vmap 10.4c Lib Mapping Utility 2015.07 Jul 20 2015
# vmap dist_mem_gen_v8_0_10 msim/dist_mem_gen_v8_0_10 
# Modifying modelsim.ini
# Model Technology ModelSim PE vmap 10.4c Lib Mapping Utility 2015.07 Jul 20 2015
# vmap xil_defaultlib msim/xil_defaultlib 
# Modifying modelsim.ini
# ** Warning: (vlog-159) Mode option -64 is not supported in this context and will be ignored.
# 
# Model Technology ModelSim PE vlog 10.4c Compiler 2015.07 Jul 20 2015
# Start time: 19:23:01 on May 17,2026
# vlog -64 -incr -work dist_mem_gen_v8_0_10 ../../../CPU31.ip_user_files/ipstatic/dist_mem_gen_v8_0_10/simulation/dist_mem_gen_v8_0.v 
# -- Compiling module dist_mem_gen_v8_0_10
# 
# Top level modules:
# 	dist_mem_gen_v8_0_10
# End time: 19:23:01 on May 17,2026, Elapsed time: 0:00:00
# Errors: 0, Warnings: 1
# ** Warning: (vlog-159) Mode option -64 is not supported in this context and will be ignored.
# 
# Model Technology ModelSim PE vlog 10.4c Compiler 2015.07 Jul 20 2015
# Start time: 19:23:01 on May 17,2026
# vlog -64 -incr -work xil_defaultlib ../../../CPU31.srcs/sources_1/ip/dist_mem_gen_0/sim/dist_mem_gen_0.v ../../../CPU31.srcs/sources_1/new/regfile.v ../../../CPU31.srcs/sources_1/new/PC.v ../../../CPU31.srcs/sources_1/new/inst_decoder.v ../../../CPU31.srcs/sources_1/new/controller.v ../../../CPU31.srcs/sources_1/new/alu.v ../../../CPU31.srcs/sources_1/new/DMEM.v ../../../CPU31.srcs/sources_1/new/cpu.v ../../../CPU31.srcs/sources_1/new/IMEM.v ../../../CPU31.srcs/sources_1/new/sccomp_dataflow.v ../../../CPU31.srcs/sim_1/new/cpu_tb.v 
# -- Compiling module dist_mem_gen_0
# -- Compiling module regfile
# -- Compiling module PC
# -- Compiling module inst_decoder
# -- Compiling module controller
# -- Compiling module alu
# -- Compiling module DMEM
# -- Compiling module cpu
# -- Compiling module IMEM
# -- Compiling module sccomp_dataflow
# -- Compiling module cpu_tb
# 
# Top level modules:
# 	cpu_tb
# End time: 19:23:01 on May 17,2026, Elapsed time: 0:00:00
# Errors: 0, Warnings: 1
# Model Technology ModelSim PE vlog 10.4c Compiler 2015.07 Jul 20 2015
# Start time: 19:23:02 on May 17,2026
# vlog -work xil_defaultlib glbl.v 
# -- Compiling module glbl
# 
# Top level modules:
# 	glbl
# End time: 19:23:02 on May 17,2026, Elapsed time: 0:00:00
# Errors: 0, Warnings: 0
