
*** Running vivado
    with args -log sccomp_board.vdi -applog -m64 -messageDb vivado.pb -mode batch -source sccomp_board.tcl -notrace


****** Vivado v2016.2 (64-bit)
  **** SW Build 1577090 on Thu Jun  2 16:32:40 MDT 2016
  **** IP Build 1577682 on Fri Jun  3 12:00:54 MDT 2016
    ** Copyright 1986-2016 Xilinx, Inc. All Rights Reserved.

source sccomp_board.tcl -notrace
Design is defaulting to srcset: sources_1
Design is defaulting to constrset: constrs_1
INFO: [Project 1-454] Reading design checkpoint 'd:/Backup/Documents/GitHub/Tongji-CS-2026-spring-my-archive/Principles of Computer Organization/my_works/Vivado_projects/CPU54/CPU54.srcs/sources_1/ip/dist_mem_gen_0/dist_mem_gen_0.dcp' for cell 'sccomp/imem/imem'
INFO: [Netlist 29-17] Analyzing 1291 Unisim elements for replacement
INFO: [Netlist 29-28] Unisim Transformation completed in 0 CPU seconds
INFO: [Project 1-479] Netlist was created with Vivado 2016.2
INFO: [Device 21-403] Loading part xc7a100tcsg324-1
INFO: [Project 1-570] Preparing netlist for logic optimization
Parsing XDC File [D:/Backup/Documents/GitHub/Tongji-CS-2026-spring-my-archive/Principles of Computer Organization/my_works/Vivado_projects/CPU54/CPU54.srcs/constrs_1/new/icf.xdc]
Finished Parsing XDC File [D:/Backup/Documents/GitHub/Tongji-CS-2026-spring-my-archive/Principles of Computer Organization/my_works/Vivado_projects/CPU54/CPU54.srcs/constrs_1/new/icf.xdc]
INFO: [Project 1-538] Using original IP XDC constraints instead of the XDC constraints in dcp 'd:/Backup/Documents/GitHub/Tongji-CS-2026-spring-my-archive/Principles of Computer Organization/my_works/Vivado_projects/CPU54/CPU54.srcs/sources_1/ip/dist_mem_gen_0/dist_mem_gen_0.dcp'
INFO: [Opt 31-138] Pushed 0 inverter(s) to 0 load pin(s).
INFO: [Project 1-111] Unisim Transformation Summary:
  A total of 32 instances were transformed.
  RAM32X1S => RAM32X1S (RAMS32): 32 instances

INFO: [Vivado_Tcl 4-424] Cannot write hardware definition file as there are no IPI block design hardware handoff files present
Command: opt_design
Attempting to get a license for feature 'Implementation' and/or device 'xc7a100t'
INFO: [Common 17-349] Got license for feature 'Implementation' and/or device 'xc7a100t'
Running DRC as a precondition to command opt_design

Starting DRC Task
INFO: [DRC 23-27] Running DRC with 2 threads
INFO: [Project 1-461] DRC finished with 0 Errors
INFO: [Project 1-462] Please refer to the DRC report (report_drc) for more information.

Time (s): cpu = 00:00:00 ; elapsed = 00:00:00.057 . Memory (MB): peak = 487.465 ; gain = 2.656
INFO: [Timing 38-35] Done setting XDC timing constraints.

Starting Logic Optimization Task
Implement Debug Cores | Checksum: 149c1a6e9

Phase 1 Retarget
INFO: [Opt 31-138] Pushed 0 inverter(s) to 0 load pin(s).
INFO: [Opt 31-49] Retargeted 0 cell(s).
Phase 1 Retarget | Checksum: 172ed06da

Time (s): cpu = 00:00:01 ; elapsed = 00:00:00.408 . Memory (MB): peak = 927.016 ; gain = 0.023

Phase 2 Constant Propagation
INFO: [Opt 31-138] Pushed 0 inverter(s) to 0 load pin(s).
INFO: [Opt 31-10] Eliminated 0 cells.
Phase 2 Constant Propagation | Checksum: 172ed06da

Time (s): cpu = 00:00:01 ; elapsed = 00:00:00.510 . Memory (MB): peak = 927.016 ; gain = 0.023

Phase 3 Sweep
INFO: [Opt 31-12] Eliminated 3550 unconnected nets.
INFO: [Opt 31-11] Eliminated 3 unconnected cells.
Phase 3 Sweep | Checksum: 1c8a0f691

Time (s): cpu = 00:00:01 ; elapsed = 00:00:00.749 . Memory (MB): peak = 927.016 ; gain = 0.023

Starting Connectivity Check Task

Time (s): cpu = 00:00:00 ; elapsed = 00:00:00.021 . Memory (MB): peak = 927.016 ; gain = 0.000
Ending Logic Optimization Task | Checksum: 1c8a0f691

Time (s): cpu = 00:00:01 ; elapsed = 00:00:00.783 . Memory (MB): peak = 927.016 ; gain = 0.023

Starting Power Optimization Task
INFO: [Pwropt 34-132] Skipping clock gating for clocks with a period < 2.00 ns.
Ending Power Optimization Task | Checksum: 1c8a0f691

Time (s): cpu = 00:00:00 ; elapsed = 00:00:00.013 . Memory (MB): peak = 927.016 ; gain = 0.000
INFO: [Common 17-83] Releasing license: Implementation
23 Infos, 0 Warnings, 0 Critical Warnings and 0 Errors encountered.
opt_design completed successfully
opt_design: Time (s): cpu = 00:00:05 ; elapsed = 00:00:05 . Memory (MB): peak = 927.016 ; gain = 442.207
Writing placer database...
Writing XDEF routing.
Writing XDEF routing logical nets.
Writing XDEF routing special nets.
Write XDEF Complete: Time (s): cpu = 00:00:00 ; elapsed = 00:00:00.013 . Memory (MB): peak = 927.016 ; gain = 0.000
INFO: [DRC 23-27] Running DRC with 2 threads
INFO: [Coretcl 2-168] The results of DRC are in file D:/Backup/Documents/GitHub/Tongji-CS-2026-spring-my-archive/Principles of Computer Organization/my_works/Vivado_projects/CPU54/CPU54.runs/impl_1/sccomp_board_drc_opted.rpt.
INFO: [Chipscope 16-241] No debug cores found in the current design.
Before running the implement_debug_core command, either use the Set Up Debug wizard (GUI mode)
or use the create_debug_core and connect_debug_core Tcl commands to insert debug cores into the design.
Command: place_design
Attempting to get a license for feature 'Implementation' and/or device 'xc7a100t'
INFO: [Common 17-349] Got license for feature 'Implementation' and/or device 'xc7a100t'
INFO: [DRC 23-27] Running DRC with 2 threads
INFO: [Vivado_Tcl 4-198] DRC finished with 0 Errors
INFO: [Vivado_Tcl 4-199] Please refer to the DRC report (report_drc) for more information.
Running DRC as a precondition to command place_design
INFO: [DRC 23-27] Running DRC with 2 threads
INFO: [Vivado_Tcl 4-198] DRC finished with 0 Errors
INFO: [Vivado_Tcl 4-199] Please refer to the DRC report (report_drc) for more information.

Starting Placer Task
INFO: [Place 30-611] Multithreading enabled for place_design using a maximum of 2 CPUs

Phase 1 Placer Initialization
Netlist sorting complete. Time (s): cpu = 00:00:00 ; elapsed = 00:00:00.003 . Memory (MB): peak = 927.016 ; gain = 0.000
Netlist sorting complete. Time (s): cpu = 00:00:00 ; elapsed = 00:00:00.003 . Memory (MB): peak = 927.016 ; gain = 0.000

Phase 1.1 IO Placement/ Clock Placement/ Build Placer Device

Phase 1.1.1 ParallelPlaceIOClockAndInitTop

Phase 1.1.1.1 Pre-Place Cells
Phase 1.1.1.1 Pre-Place Cells | Checksum: 41bf0179

Time (s): cpu = 00:00:00 ; elapsed = 00:00:00.027 . Memory (MB): peak = 927.016 ; gain = 0.000

Phase 1.1.1.2 Constructing HAPIClkRuleMgr
Phase 1.1.1.2 Constructing HAPIClkRuleMgr | Checksum: 41bf0179

Time (s): cpu = 00:00:00 ; elapsed = 00:00:00.090 . Memory (MB): peak = 927.016 ; gain = 0.000
INFO: [Timing 38-35] Done setting XDC timing constraints.

Phase 1.1.1.3 IO and Clk Clean Up

Phase 1.1.1.3.1 Constructing HAPIClkRuleMgr
Phase 1.1.1.3.1 Constructing HAPIClkRuleMgr | Checksum: 41bf0179

Time (s): cpu = 00:00:01 ; elapsed = 00:00:00.920 . Memory (MB): peak = 947.098 ; gain = 20.082
Phase 1.1.1.3 IO and Clk Clean Up | Checksum: 41bf0179

Time (s): cpu = 00:00:01 ; elapsed = 00:00:00.929 . Memory (MB): peak = 947.098 ; gain = 20.082

Phase 1.1.1.4 Implementation Feasibility check On IDelay
Phase 1.1.1.4 Implementation Feasibility check On IDelay | Checksum: 41bf0179

Time (s): cpu = 00:00:01 ; elapsed = 00:00:00.937 . Memory (MB): peak = 947.098 ; gain = 20.082

Phase 1.1.1.5 Commit IO Placement
Phase 1.1.1.5 Commit IO Placement | Checksum: 8886fd2d

Time (s): cpu = 00:00:01 ; elapsed = 00:00:00.937 . Memory (MB): peak = 947.098 ; gain = 20.082
Phase 1.1.1 ParallelPlaceIOClockAndInitTop | Checksum: 8886fd2d

Time (s): cpu = 00:00:01 ; elapsed = 00:00:00.938 . Memory (MB): peak = 947.098 ; gain = 20.082
Phase 1.1 IO Placement/ Clock Placement/ Build Placer Device | Checksum: c2eec610

Time (s): cpu = 00:00:01 ; elapsed = 00:00:00.939 . Memory (MB): peak = 947.098 ; gain = 20.082

Phase 1.2 Build Placer Netlist Model

Phase 1.2.1 Place Init Design

Phase 1.2.1.1 Make Others
Phase 1.2.1.1 Make Others | Checksum: 120a8883f

Time (s): cpu = 00:00:01 ; elapsed = 00:00:01 . Memory (MB): peak = 947.098 ; gain = 20.082

Phase 1.2.1.2 Init Lut Pin Assignment
Phase 1.2.1.2 Init Lut Pin Assignment | Checksum: 120a8883f

Time (s): cpu = 00:00:01 ; elapsed = 00:00:01 . Memory (MB): peak = 947.098 ; gain = 20.082
Phase 1.2.1 Place Init Design | Checksum: 146ab0799

Time (s): cpu = 00:00:03 ; elapsed = 00:00:02 . Memory (MB): peak = 961.445 ; gain = 34.430
Phase 1.2 Build Placer Netlist Model | Checksum: 146ab0799

Time (s): cpu = 00:00:03 ; elapsed = 00:00:02 . Memory (MB): peak = 961.445 ; gain = 34.430

Phase 1.3 Constrain Clocks/Macros
Phase 1.3 Constrain Clocks/Macros | Checksum: 146ab0799

Time (s): cpu = 00:00:03 ; elapsed = 00:00:02 . Memory (MB): peak = 961.445 ; gain = 34.430
Phase 1 Placer Initialization | Checksum: 146ab0799

Time (s): cpu = 00:00:03 ; elapsed = 00:00:02 . Memory (MB): peak = 961.445 ; gain = 34.430

Phase 2 Global Placement
Phase 2 Global Placement | Checksum: 2101ac197

Time (s): cpu = 00:00:06 ; elapsed = 00:00:04 . Memory (MB): peak = 961.445 ; gain = 34.430

Phase 3 Detail Placement

Phase 3.1 Commit Multi Column Macros
Phase 3.1 Commit Multi Column Macros | Checksum: 2101ac197

Time (s): cpu = 00:00:06 ; elapsed = 00:00:04 . Memory (MB): peak = 961.445 ; gain = 34.430

Phase 3.2 Commit Most Macros & LUTRAMs
Phase 3.2 Commit Most Macros & LUTRAMs | Checksum: 14981aae2

Time (s): cpu = 00:00:07 ; elapsed = 00:00:05 . Memory (MB): peak = 961.445 ; gain = 34.430

Phase 3.3 Area Swap Optimization
Phase 3.3 Area Swap Optimization | Checksum: 10e1b32a4

Time (s): cpu = 00:00:07 ; elapsed = 00:00:05 . Memory (MB): peak = 961.445 ; gain = 34.430

Phase 3.4 updateClock Trees: DP
Phase 3.4 updateClock Trees: DP | Checksum: 10e1b32a4

Time (s): cpu = 00:00:07 ; elapsed = 00:00:05 . Memory (MB): peak = 961.445 ; gain = 34.430

Phase 3.5 Timing Path Optimizer
Phase 3.5 Timing Path Optimizer | Checksum: 1ab33f036

Time (s): cpu = 00:00:07 ; elapsed = 00:00:05 . Memory (MB): peak = 961.445 ; gain = 34.430

Phase 3.6 Fast Optimization
Phase 3.6 Fast Optimization | Checksum: 1a67451e5

Time (s): cpu = 00:00:11 ; elapsed = 00:00:09 . Memory (MB): peak = 961.445 ; gain = 34.430

Phase 3.7 Small Shape Detail Placement
Phase 3.7 Small Shape Detail Placement | Checksum: 159e14bce

Time (s): cpu = 00:00:12 ; elapsed = 00:00:10 . Memory (MB): peak = 965.664 ; gain = 38.648

Phase 3.8 Re-assign LUT pins
Phase 3.8 Re-assign LUT pins | Checksum: 135a734ed

Time (s): cpu = 00:00:12 ; elapsed = 00:00:10 . Memory (MB): peak = 965.664 ; gain = 38.648

Phase 3.9 Pipeline Register Optimization
Phase 3.9 Pipeline Register Optimization | Checksum: 135a734ed

Time (s): cpu = 00:00:12 ; elapsed = 00:00:10 . Memory (MB): peak = 965.664 ; gain = 38.648

Phase 3.10 Fast Optimization
Phase 3.10 Fast Optimization | Checksum: 9dac3ed0

Time (s): cpu = 00:00:16 ; elapsed = 00:00:14 . Memory (MB): peak = 966.313 ; gain = 39.297
Phase 3 Detail Placement | Checksum: 9dac3ed0

Time (s): cpu = 00:00:16 ; elapsed = 00:00:14 . Memory (MB): peak = 966.313 ; gain = 39.297

Phase 4 Post Placement Optimization and Clean-Up

Phase 4.1 Post Commit Optimization
INFO: [Timing 38-35] Done setting XDC timing constraints.

Phase 4.1.1 updateClock Trees: PCOPT
Phase 4.1.1 updateClock Trees: PCOPT | Checksum: 17c85b185

Time (s): cpu = 00:00:18 ; elapsed = 00:00:15 . Memory (MB): peak = 1006.094 ; gain = 79.078

Phase 4.1.2 Post Placement Optimization
INFO: [Place 30-746] Post Placement Timing Summary WNS=-10000001.000. For the most accurate timing information please run report_timing.
Phase 4.1.2 Post Placement Optimization | Checksum: 15223d453

Time (s): cpu = 00:00:18 ; elapsed = 00:00:15 . Memory (MB): peak = 1006.094 ; gain = 79.078
Phase 4.1 Post Commit Optimization | Checksum: 15223d453

Time (s): cpu = 00:00:18 ; elapsed = 00:00:15 . Memory (MB): peak = 1006.094 ; gain = 79.078

Phase 4.2 Sweep Clock Roots: Post-Placement
Phase 4.2 Sweep Clock Roots: Post-Placement | Checksum: 15223d453

Time (s): cpu = 00:00:18 ; elapsed = 00:00:15 . Memory (MB): peak = 1006.094 ; gain = 79.078

Phase 4.3 Uram Pipeline Register Optimization
Phase 4.3 Uram Pipeline Register Optimization | Checksum: 15223d453

Time (s): cpu = 00:00:18 ; elapsed = 00:00:15 . Memory (MB): peak = 1006.094 ; gain = 79.078

Phase 4.4 Post Placement Cleanup
Phase 4.4 Post Placement Cleanup | Checksum: 15223d453

Time (s): cpu = 00:00:18 ; elapsed = 00:00:15 . Memory (MB): peak = 1006.094 ; gain = 79.078

Phase 4.5 Placer Reporting
Phase 4.5 Placer Reporting | Checksum: 15223d453

Time (s): cpu = 00:00:18 ; elapsed = 00:00:15 . Memory (MB): peak = 1006.094 ; gain = 79.078

Phase 4.6 Final Placement Cleanup
Phase 4.6 Final Placement Cleanup | Checksum: 1dced619f

Time (s): cpu = 00:00:18 ; elapsed = 00:00:15 . Memory (MB): peak = 1006.094 ; gain = 79.078
Phase 4 Post Placement Optimization and Clean-Up | Checksum: 1dced619f

Time (s): cpu = 00:00:18 ; elapsed = 00:00:15 . Memory (MB): peak = 1006.094 ; gain = 79.078
Ending Placer Task | Checksum: 147d1acac

Time (s): cpu = 00:00:18 ; elapsed = 00:00:15 . Memory (MB): peak = 1006.094 ; gain = 79.078
INFO: [Common 17-83] Releasing license: Implementation
38 Infos, 0 Warnings, 0 Critical Warnings and 0 Errors encountered.
place_design completed successfully
place_design: Time (s): cpu = 00:00:18 ; elapsed = 00:00:16 . Memory (MB): peak = 1006.094 ; gain = 79.078
Writing placer database...
Writing XDEF routing.
Writing XDEF routing logical nets.
Writing XDEF routing special nets.
Write XDEF Complete: Time (s): cpu = 00:00:01 ; elapsed = 00:00:00.358 . Memory (MB): peak = 1006.094 ; gain = 0.000
report_io: Time (s): cpu = 00:00:00 ; elapsed = 00:00:00.015 . Memory (MB): peak = 1006.094 ; gain = 0.000
report_utilization: Time (s): cpu = 00:00:00 ; elapsed = 00:00:00.024 . Memory (MB): peak = 1006.094 ; gain = 0.000
report_control_sets: Time (s): cpu = 00:00:00 ; elapsed = 00:00:00.002 . Memory (MB): peak = 1006.094 ; gain = 0.000
Command: route_design
Attempting to get a license for feature 'Implementation' and/or device 'xc7a100t'
INFO: [Common 17-349] Got license for feature 'Implementation' and/or device 'xc7a100t'
Running DRC as a precondition to command route_design
INFO: [DRC 23-27] Running DRC with 2 threads
INFO: [Vivado_Tcl 4-198] DRC finished with 0 Errors
INFO: [Vivado_Tcl 4-199] Please refer to the DRC report (report_drc) for more information.


Starting Routing Task
INFO: [Route 35-254] Multithreading enabled for route_design using a maximum of 2 CPUs
Checksum: PlaceDB: 58373705 ConstDB: 0 ShapeSum: ef9a75a7 RouteDB: 0

Phase 1 Build RT Design
Phase 1 Build RT Design | Checksum: dddff68e

Time (s): cpu = 00:00:13 ; elapsed = 00:00:11 . Memory (MB): peak = 1157.832 ; gain = 151.738

Phase 2 Router Initialization

Phase 2.1 Create Timer
Phase 2.1 Create Timer | Checksum: dddff68e

Time (s): cpu = 00:00:13 ; elapsed = 00:00:11 . Memory (MB): peak = 1157.832 ; gain = 151.738

Phase 2.2 Fix Topology Constraints
Phase 2.2 Fix Topology Constraints | Checksum: dddff68e

Time (s): cpu = 00:00:13 ; elapsed = 00:00:11 . Memory (MB): peak = 1157.832 ; gain = 151.738

Phase 2.3 Pre Route Cleanup
Phase 2.3 Pre Route Cleanup | Checksum: dddff68e

Time (s): cpu = 00:00:13 ; elapsed = 00:00:12 . Memory (MB): peak = 1157.832 ; gain = 151.738
 Number of Nodes with overlaps = 0

Phase 2.4 Update Timing
Phase 2.4 Update Timing | Checksum: 11e70d648

Time (s): cpu = 00:00:15 ; elapsed = 00:00:13 . Memory (MB): peak = 1182.668 ; gain = 176.574
INFO: [Route 35-416] Intermediate Timing Summary | WNS=-10000000.708| TNS=-10163842.000| WHS=-1.977 | THS=-3845.946|

Phase 2 Router Initialization | Checksum: 11e1ec4c6

Time (s): cpu = 00:00:16 ; elapsed = 00:00:13 . Memory (MB): peak = 1188.301 ; gain = 182.207

Phase 3 Initial Routing
Phase 3 Initial Routing | Checksum: cf0dd4e8

Time (s): cpu = 00:00:17 ; elapsed = 00:00:14 . Memory (MB): peak = 1188.301 ; gain = 182.207

Phase 4 Rip-up And Reroute

Phase 4.1 Global Iteration 0
 Number of Nodes with overlaps = 753
 Number of Nodes with overlaps = 21
 Number of Nodes with overlaps = 1
 Number of Nodes with overlaps = 1
 Number of Nodes with overlaps = 0

Phase 4.1.1 Update Timing
Phase 4.1.1 Update Timing | Checksum: 107220b81

Time (s): cpu = 00:00:20 ; elapsed = 00:00:16 . Memory (MB): peak = 1188.301 ; gain = 182.207
INFO: [Route 35-416] Intermediate Timing Summary | WNS=-10000000.708| TNS=-10168087.000| WHS=N/A    | THS=N/A    |


Phase 4.1.2 GlobIterForTiming

Phase 4.1.2.1 Update Timing
Phase 4.1.2.1 Update Timing | Checksum: 16e25d8f0

Time (s): cpu = 00:00:20 ; elapsed = 00:00:16 . Memory (MB): peak = 1188.301 ; gain = 182.207

Phase 4.1.2.2 Fast Budgeting
Phase 4.1.2.2 Fast Budgeting | Checksum: bd4fbd54

Time (s): cpu = 00:00:21 ; elapsed = 00:00:16 . Memory (MB): peak = 1188.301 ; gain = 182.207
Phase 4.1.2 GlobIterForTiming | Checksum: 1778955af

Time (s): cpu = 00:00:21 ; elapsed = 00:00:16 . Memory (MB): peak = 1188.301 ; gain = 182.207
Phase 4.1 Global Iteration 0 | Checksum: 1778955af

Time (s): cpu = 00:00:21 ; elapsed = 00:00:16 . Memory (MB): peak = 1188.301 ; gain = 182.207

Phase 4.2 Global Iteration 1
 Number of Nodes with overlaps = 36
 Number of Nodes with overlaps = 11
 Number of Nodes with overlaps = 3
 Number of Nodes with overlaps = 0

Phase 4.2.1 Update Timing
Phase 4.2.1 Update Timing | Checksum: 11dd2c606

Time (s): cpu = 00:00:22 ; elapsed = 00:00:17 . Memory (MB): peak = 1188.301 ; gain = 182.207
INFO: [Route 35-416] Intermediate Timing Summary | WNS=-10000000.708| TNS=-10168072.000| WHS=N/A    | THS=N/A    |

Phase 4.2 Global Iteration 1 | Checksum: ea0b21f5

Time (s): cpu = 00:00:22 ; elapsed = 00:00:17 . Memory (MB): peak = 1188.301 ; gain = 182.207
Phase 4 Rip-up And Reroute | Checksum: ea0b21f5

Time (s): cpu = 00:00:22 ; elapsed = 00:00:17 . Memory (MB): peak = 1188.301 ; gain = 182.207

Phase 5 Delay and Skew Optimization

Phase 5.1 Delay CleanUp

Phase 5.1.1 Update Timing
Phase 5.1.1 Update Timing | Checksum: 12f9273b2

Time (s): cpu = 00:00:22 ; elapsed = 00:00:17 . Memory (MB): peak = 1188.301 ; gain = 182.207
INFO: [Route 35-416] Intermediate Timing Summary | WNS=-10000000.708| TNS=-10168072.000| WHS=N/A    | THS=N/A    |

Phase 5.1 Delay CleanUp | Checksum: 12f9273b2

Time (s): cpu = 00:00:22 ; elapsed = 00:00:17 . Memory (MB): peak = 1188.301 ; gain = 182.207

Phase 5.2 Clock Skew Optimization
Phase 5.2 Clock Skew Optimization | Checksum: 12f9273b2

Time (s): cpu = 00:00:22 ; elapsed = 00:00:17 . Memory (MB): peak = 1188.301 ; gain = 182.207
Phase 5 Delay and Skew Optimization | Checksum: 12f9273b2

Time (s): cpu = 00:00:22 ; elapsed = 00:00:17 . Memory (MB): peak = 1188.301 ; gain = 182.207

Phase 6 Post Hold Fix

Phase 6.1 Hold Fix Iter

Phase 6.1.1 Update Timing
Phase 6.1.1 Update Timing | Checksum: 138c4d4e8

Time (s): cpu = 00:00:23 ; elapsed = 00:00:18 . Memory (MB): peak = 1188.301 ; gain = 182.207
INFO: [Route 35-416] Intermediate Timing Summary | WNS=-10000000.708| TNS=-10169058.000| WHS=-0.701 | THS=-251.911|


Phase 6.1.2 Lut RouteThru Assignment for hold
Phase 6.1.2 Lut RouteThru Assignment for hold | Checksum: bc99e25b

Time (s): cpu = 00:12:18 ; elapsed = 00:12:22 . Memory (MB): peak = 1617.141 ; gain = 611.047
Phase 6.1 Hold Fix Iter | Checksum: bc99e25b

Time (s): cpu = 00:12:18 ; elapsed = 00:12:22 . Memory (MB): peak = 1617.141 ; gain = 611.047
Phase 6 Post Hold Fix | Checksum: 55ec2197

Time (s): cpu = 00:12:18 ; elapsed = 00:12:22 . Memory (MB): peak = 1617.141 ; gain = 611.047

Phase 7 Route finalize

Router Utilization Summary
  Global Vertical Routing Utilization    = 5.91718 %
  Global Horizontal Routing Utilization  = 5.93393 %
  Routable Net Status*
  *Does not include unroutable nets such as driverless and loadless.
  Run report_route_status for detailed report.
  Number of Failed Nets               = 0
  Number of Unrouted Nets             = 0
  Number of Partially Routed Nets     = 0
  Number of Node Overlaps             = 0

Congestion Report
North Dir 1x1 Area, Max Cong = 88.2883%, Congestion bounded by tiles (Lower Left Tile -> Upper Right Tile):
   INT_R_X3Y88 -> INT_R_X3Y88
   INT_L_X2Y84 -> INT_L_X2Y84
South Dir 1x1 Area, Max Cong = 87.3874%, Congestion bounded by tiles (Lower Left Tile -> Upper Right Tile):
   INT_L_X4Y76 -> INT_L_X4Y76
East Dir 4x4 Area, Max Cong = 86.6728%, Congestion bounded by tiles (Lower Left Tile -> Upper Right Tile):
   INT_L_X8Y88 -> INT_R_X11Y91
   INT_L_X8Y84 -> INT_R_X11Y87
West Dir 1x1 Area, Max Cong = 82.3529%, No Congested Regions.
Phase 7 Route finalize | Checksum: 810d1606

Time (s): cpu = 00:12:18 ; elapsed = 00:12:22 . Memory (MB): peak = 1617.141 ; gain = 611.047

Phase 8 Verifying routed nets

 Verification completed successfully
Phase 8 Verifying routed nets | Checksum: 810d1606

Time (s): cpu = 00:12:19 ; elapsed = 00:12:22 . Memory (MB): peak = 1617.141 ; gain = 611.047

Phase 9 Depositing Routes
Phase 9 Depositing Routes | Checksum: c6681fa5

Time (s): cpu = 00:12:19 ; elapsed = 00:12:22 . Memory (MB): peak = 1617.141 ; gain = 611.047

Phase 10 Post Router Timing

Phase 10.1 Update Timing
Phase 10.1 Update Timing | Checksum: 1679173e2

Time (s): cpu = 00:12:19 ; elapsed = 00:12:23 . Memory (MB): peak = 1617.141 ; gain = 611.047
INFO: [Route 35-57] Estimated Timing Summary | WNS=-10000000.708| TNS=-10175384.000| WHS=0.031  | THS=0.000  |

WARNING: [Route 35-328] Router estimated timing not met.
Resolution: For a complete and accurate timing signoff, report_timing_summary must be run after route_design. Alternatively, route_design can be run with the -timing_summary option to enable a complete timing signoff at the end of route_design.
Phase 10 Post Router Timing | Checksum: 1679173e2

Time (s): cpu = 00:12:19 ; elapsed = 00:12:23 . Memory (MB): peak = 1617.141 ; gain = 611.047
INFO: [Route 35-16] Router Completed Successfully

Time (s): cpu = 00:12:19 ; elapsed = 00:12:23 . Memory (MB): peak = 1617.141 ; gain = 611.047

Routing Is Done.
INFO: [Common 17-83] Releasing license: Implementation
51 Infos, 1 Warnings, 0 Critical Warnings and 0 Errors encountered.
route_design completed successfully
route_design: Time (s): cpu = 00:12:20 ; elapsed = 00:12:23 . Memory (MB): peak = 1617.141 ; gain = 611.047
Writing placer database...
Writing XDEF routing.
Writing XDEF routing logical nets.
Writing XDEF routing special nets.
Write XDEF Complete: Time (s): cpu = 00:00:01 ; elapsed = 00:00:00.475 . Memory (MB): peak = 1617.141 ; gain = 0.000
INFO: [DRC 23-27] Running DRC with 2 threads
INFO: [Coretcl 2-168] The results of DRC are in file D:/Backup/Documents/GitHub/Tongji-CS-2026-spring-my-archive/Principles of Computer Organization/my_works/Vivado_projects/CPU54/CPU54.runs/impl_1/sccomp_board_drc_routed.rpt.
INFO: [Timing 38-91] UpdateTimingParams: Speed grade: -1, Delay Type: min_max.
INFO: [Timing 38-191] Multithreading enabled for timing update using a maximum of 2 CPUs
CRITICAL WARNING: [Timing 38-282] The design failed to meet the timing requirements. Please see the timing summary report for details on the timing violations.
Running Vector-less Activity Propagation...

Finished Running Vector-less Activity Propagation
Attempting to get a license for feature 'Implementation' and/or device 'xc7a100t'
INFO: [Common 17-349] Got license for feature 'Implementation' and/or device 'xc7a100t'
Running DRC as a precondition to command write_bitstream
INFO: [DRC 23-27] Running DRC with 2 threads
WARNING: [DRC 23-20] Rule violation (CFGBVS-1) Missing CFGBVS and CONFIG_VOLTAGE Design Properties - Neither the CFGBVS nor CONFIG_VOLTAGE voltage property is set in the current_design.  Configuration bank voltage select (CFGBVS) must be set to VCCO or GND, and CONFIG_VOLTAGE must be set to the correct configuration voltage, in order to determine the I/O voltage support for the pins in bank 0.  It is suggested to specify these either using the 'Edit Device Properties' function in the GUI or directly in the XDC file using the following syntax:

 set_property CFGBVS value1 [current_design]
 #where value1 is either VCCO or GND

 set_property CONFIG_VOLTAGE value2 [current_design]
 #where value2 is the voltage provided to configuration bank 0

Refer to the device configuration user guide for more information.
WARNING: [DRC 23-20] Rule violation (DPIP-1) Input pipelining - DSP sccomp/sccpu/mul_inst/p_1_out input sccomp/sccpu/mul_inst/p_1_out/A[29:0] is not pipelined. Pipelining DSP48 input will improve performance.
WARNING: [DRC 23-20] Rule violation (DPIP-1) Input pipelining - DSP sccomp/sccpu/mul_inst/p_1_out input sccomp/sccpu/mul_inst/p_1_out/B[17:0] is not pipelined. Pipelining DSP48 input will improve performance.
WARNING: [DRC 23-20] Rule violation (DPIP-1) Input pipelining - DSP sccomp/sccpu/mul_inst/p_1_out__0 input sccomp/sccpu/mul_inst/p_1_out__0/A[29:0] is not pipelined. Pipelining DSP48 input will improve performance.
WARNING: [DRC 23-20] Rule violation (DPIP-1) Input pipelining - DSP sccomp/sccpu/mul_inst/p_1_out__0 input sccomp/sccpu/mul_inst/p_1_out__0/B[17:0] is not pipelined. Pipelining DSP48 input will improve performance.
WARNING: [DRC 23-20] Rule violation (DPIP-1) Input pipelining - DSP sccomp/sccpu/mul_inst/p_1_out__1 input sccomp/sccpu/mul_inst/p_1_out__1/A[29:0] is not pipelined. Pipelining DSP48 input will improve performance.
WARNING: [DRC 23-20] Rule violation (DPIP-1) Input pipelining - DSP sccomp/sccpu/mul_inst/p_1_out__1 input sccomp/sccpu/mul_inst/p_1_out__1/B[17:0] is not pipelined. Pipelining DSP48 input will improve performance.
WARNING: [DRC 23-20] Rule violation (DPIP-1) Input pipelining - DSP sccomp/sccpu/mul_inst/p_1_out__2 input sccomp/sccpu/mul_inst/p_1_out__2/A[29:0] is not pipelined. Pipelining DSP48 input will improve performance.
WARNING: [DRC 23-20] Rule violation (DPIP-1) Input pipelining - DSP sccomp/sccpu/mul_inst/p_1_out__2 input sccomp/sccpu/mul_inst/p_1_out__2/B[17:0] is not pipelined. Pipelining DSP48 input will improve performance.
WARNING: [DRC 23-20] Rule violation (DPOP-1) PREG Output pipelining - DSP sccomp/sccpu/mul_inst/p_1_out output sccomp/sccpu/mul_inst/p_1_out/P[47:0] is not pipelined (PREG=0). Pipelining the DSP48 output will improve performance and often saves power so it is suggested whenever possible to fully pipeline this function.  If this DSP48 function was inferred, it is suggested to describe an additional register stage after this function.  If the DSP48 was instantiated in the design, it is suggested to set the PREG attribute to 1.
WARNING: [DRC 23-20] Rule violation (DPOP-1) PREG Output pipelining - DSP sccomp/sccpu/mul_inst/p_1_out__0 output sccomp/sccpu/mul_inst/p_1_out__0/P[47:0] is not pipelined (PREG=0). Pipelining the DSP48 output will improve performance and often saves power so it is suggested whenever possible to fully pipeline this function.  If this DSP48 function was inferred, it is suggested to describe an additional register stage after this function.  If the DSP48 was instantiated in the design, it is suggested to set the PREG attribute to 1.
WARNING: [DRC 23-20] Rule violation (DPOP-1) PREG Output pipelining - DSP sccomp/sccpu/mul_inst/p_1_out__1 output sccomp/sccpu/mul_inst/p_1_out__1/P[47:0] is not pipelined (PREG=0). Pipelining the DSP48 output will improve performance and often saves power so it is suggested whenever possible to fully pipeline this function.  If this DSP48 function was inferred, it is suggested to describe an additional register stage after this function.  If the DSP48 was instantiated in the design, it is suggested to set the PREG attribute to 1.
WARNING: [DRC 23-20] Rule violation (DPOP-1) PREG Output pipelining - DSP sccomp/sccpu/mul_inst/p_1_out__2 output sccomp/sccpu/mul_inst/p_1_out__2/P[47:0] is not pipelined (PREG=0). Pipelining the DSP48 output will improve performance and often saves power so it is suggested whenever possible to fully pipeline this function.  If this DSP48 function was inferred, it is suggested to describe an additional register stage after this function.  If the DSP48 was instantiated in the design, it is suggested to set the PREG attribute to 1.
WARNING: [DRC 23-20] Rule violation (DPOP-2) MREG Output pipelining - DSP sccomp/sccpu/mul_inst/p_1_out multiplier stage sccomp/sccpu/mul_inst/p_1_out/P[47:0] is not pipelined (MREG=0). Pipelining the multiplier function will improve performance and will save significant power so it is suggested whenever possible to fully pipeline this function.  If this multiplier was inferred, it is suggested to describe an additional register stage after this function.  If there is no registered adder/accumulator following the multiply function, two pipeline stages are suggested to allow both the MREG and PREG registers to be used.  If the DSP48 was instantiated in the design, it is suggested to set both the MREG and PREG attributes to 1 when performing multiply functions.
WARNING: [DRC 23-20] Rule violation (DPOP-2) MREG Output pipelining - DSP sccomp/sccpu/mul_inst/p_1_out__0 multiplier stage sccomp/sccpu/mul_inst/p_1_out__0/P[47:0] is not pipelined (MREG=0). Pipelining the multiplier function will improve performance and will save significant power so it is suggested whenever possible to fully pipeline this function.  If this multiplier was inferred, it is suggested to describe an additional register stage after this function.  If there is no registered adder/accumulator following the multiply function, two pipeline stages are suggested to allow both the MREG and PREG registers to be used.  If the DSP48 was instantiated in the design, it is suggested to set both the MREG and PREG attributes to 1 when performing multiply functions.
WARNING: [DRC 23-20] Rule violation (DPOP-2) MREG Output pipelining - DSP sccomp/sccpu/mul_inst/p_1_out__1 multiplier stage sccomp/sccpu/mul_inst/p_1_out__1/P[47:0] is not pipelined (MREG=0). Pipelining the multiplier function will improve performance and will save significant power so it is suggested whenever possible to fully pipeline this function.  If this multiplier was inferred, it is suggested to describe an additional register stage after this function.  If there is no registered adder/accumulator following the multiply function, two pipeline stages are suggested to allow both the MREG and PREG registers to be used.  If the DSP48 was instantiated in the design, it is suggested to set both the MREG and PREG attributes to 1 when performing multiply functions.
WARNING: [DRC 23-20] Rule violation (DPOP-2) MREG Output pipelining - DSP sccomp/sccpu/mul_inst/p_1_out__2 multiplier stage sccomp/sccpu/mul_inst/p_1_out__2/P[47:0] is not pipelined (MREG=0). Pipelining the multiplier function will improve performance and will save significant power so it is suggested whenever possible to fully pipeline this function.  If this multiplier was inferred, it is suggested to describe an additional register stage after this function.  If there is no registered adder/accumulator following the multiply function, two pipeline stages are suggested to allow both the MREG and PREG registers to be used.  If the DSP48 was instantiated in the design, it is suggested to set both the MREG and PREG attributes to 1 when performing multiply functions.
INFO: [Vivado 12-3199] DRC finished with 0 Errors, 17 Warnings
INFO: [Vivado 12-3200] Please refer to the DRC report (report_drc) for more information.
INFO: [Designutils 20-2272] Running write_bitstream with 2 threads.
Loading data files...
Loading site data...
Loading route data...
Processing options...
Creating bitmap...
Creating bitstream...
Writing bitstream ./sccomp_board.bit...
INFO: [Vivado 12-1842] Bitgen Completed Successfully.
INFO: [Project 1-120] WebTalk data collection is mandatory when using a WebPACK part without a full Vivado license. To see the specific WebTalk data collected for your design, open the usage_statistics_webtalk.html or usage_statistics_webtalk.xml file in the implementation directory.
¾Ü¾ø·ÃÎÊ¡£
¾Ü¾ø·ÃÎÊ¡£
INFO: [Common 17-83] Releasing license: Implementation
write_bitstream: Time (s): cpu = 00:00:11 ; elapsed = 00:00:08 . Memory (MB): peak = 1617.141 ; gain = 0.000
INFO: [Vivado_Tcl 4-395] Unable to parse hwdef file sccomp_board.hwdef
INFO: [Common 17-206] Exiting Vivado at Tue Aug 04 17:56:11 2026...
