Copyright 1986-2016 Xilinx, Inc. All Rights Reserved.
-----------------------------------------------------------------------------------------
| Tool Version : Vivado v.2016.2 (win64) Build 1577090 Thu Jun  2 16:32:40 MDT 2016
| Date         : Mon May 18 19:31:37 2026
| Host         : Xalepitory running 64-bit major release  (build 9200)
| Command      : report_control_sets -verbose -file sccomp_board_control_sets_placed.rpt
| Design       : sccomp_board
| Device       : xc7a100t
-----------------------------------------------------------------------------------------

Control Set Information

Table of Contents
-----------------
1. Summary
2. Flip-Flop Distribution
3. Detailed Control Set Information

1. Summary
----------

+----------------------------------------------------------+-------+
|                          Status                          | Count |
+----------------------------------------------------------+-------+
| Number of unique control sets                            |    35 |
| Unused register locations in slices containing registers |    12 |
+----------------------------------------------------------+-------+


2. Flip-Flop Distribution
-------------------------

+--------------+-----------------------+------------------------+-----------------+--------------+
| Clock Enable | Synchronous Set/Reset | Asynchronous Set/Reset | Total Registers | Total Slices |
+--------------+-----------------------+------------------------+-----------------+--------------+
| No           | No                    | No                     |               0 |            0 |
| No           | No                    | Yes                    |             116 |           41 |
| No           | Yes                   | No                     |               0 |            0 |
| Yes          | No                    | No                     |               0 |            0 |
| Yes          | No                    | Yes                    |             992 |          488 |
| Yes          | Yes                   | No                     |               0 |            0 |
+--------------+-----------------------+------------------------+-----------------+--------------+


3. Detailed Control Set Information
-----------------------------------

+-----------------------+-------------------------------------+------------------+------------------+----------------+
|      Clock Signal     |            Enable Signal            | Set/Reset Signal | Slice Load Count | Bel Load Count |
+-----------------------+-------------------------------------+------------------+------------------+----------------+
|  seg7/seg7_clk        |                                     | reset_IBUF       |                2 |              3 |
|  cpu_clk_reg_n_0_BUFG | sccomp/imem/array_reg_reg[9][0][0]  | reset_IBUF       |               23 |             32 |
|  cpu_clk_reg_n_0_BUFG |                                     | reset_IBUF       |               15 |             32 |
|  cpu_clk_reg_n_0_BUFG | sccomp/imem/p_0_in                  |                  |                8 |             32 |
|  cpu_clk_reg_n_0_BUFG | sccomp/imem/E[0]                    | reset_IBUF       |               15 |             32 |
|  cpu_clk_reg_n_0_BUFG | sccomp/imem/array_reg_reg[12][0][0] | reset_IBUF       |               17 |             32 |
|  cpu_clk_reg_n_0_BUFG | sccomp/imem/array_reg_reg[10][0][0] | reset_IBUF       |               18 |             32 |
|  cpu_clk_reg_n_0_BUFG | sccomp/imem/array_reg_reg[11][0][0] | reset_IBUF       |               17 |             32 |
|  cpu_clk_reg_n_0_BUFG | sccomp/imem/array_reg_reg[13][0][0] | reset_IBUF       |               17 |             32 |
|  cpu_clk_reg_n_0_BUFG | sccomp/imem/array_reg_reg[14][0][0] | reset_IBUF       |               16 |             32 |
|  cpu_clk_reg_n_0_BUFG | sccomp/imem/array_reg_reg[15][0][0] | reset_IBUF       |               13 |             32 |
|  cpu_clk_reg_n_0_BUFG | sccomp/imem/array_reg_reg[16][0][0] | reset_IBUF       |               12 |             32 |
|  cpu_clk_reg_n_0_BUFG | sccomp/imem/array_reg_reg[17][0][0] | reset_IBUF       |               16 |             32 |
|  cpu_clk_reg_n_0_BUFG | sccomp/imem/array_reg_reg[18][0][0] | reset_IBUF       |               14 |             32 |
|  cpu_clk_reg_n_0_BUFG | sccomp/imem/array_reg_reg[19][0][0] | reset_IBUF       |               15 |             32 |
|  cpu_clk_reg_n_0_BUFG | sccomp/imem/array_reg_reg[20][0][0] | reset_IBUF       |               10 |             32 |
|  cpu_clk_reg_n_0_BUFG | sccomp/imem/array_reg_reg[21][0][0] | reset_IBUF       |                8 |             32 |
|  cpu_clk_reg_n_0_BUFG | sccomp/imem/array_reg_reg[22][0][0] | reset_IBUF       |               23 |             32 |
|  cpu_clk_reg_n_0_BUFG | sccomp/imem/array_reg_reg[23][0][0] | reset_IBUF       |               12 |             32 |
|  cpu_clk_reg_n_0_BUFG | sccomp/imem/array_reg_reg[24][0][0] | reset_IBUF       |               14 |             32 |
|  cpu_clk_reg_n_0_BUFG | sccomp/imem/array_reg_reg[25][0][0] | reset_IBUF       |               14 |             32 |
|  cpu_clk_reg_n_0_BUFG | sccomp/imem/array_reg_reg[26][0][0] | reset_IBUF       |               15 |             32 |
|  cpu_clk_reg_n_0_BUFG | sccomp/imem/array_reg_reg[27][0][0] | reset_IBUF       |               12 |             32 |
|  cpu_clk_reg_n_0_BUFG | sccomp/imem/array_reg_reg[28][0][0] | reset_IBUF       |               15 |             32 |
|  cpu_clk_reg_n_0_BUFG | sccomp/imem/array_reg_reg[29][0][0] | reset_IBUF       |               13 |             32 |
|  cpu_clk_reg_n_0_BUFG | sccomp/imem/array_reg_reg[2][0][0]  | reset_IBUF       |               14 |             32 |
|  cpu_clk_reg_n_0_BUFG | sccomp/imem/array_reg_reg[30][0][0] | reset_IBUF       |               16 |             32 |
|  cpu_clk_reg_n_0_BUFG | sccomp/imem/array_reg_reg[31][0][0] | reset_IBUF       |               13 |             32 |
|  cpu_clk_reg_n_0_BUFG | sccomp/imem/array_reg_reg[3][0][0]  | reset_IBUF       |               17 |             32 |
|  cpu_clk_reg_n_0_BUFG | sccomp/imem/array_reg_reg[4][0][0]  | reset_IBUF       |               22 |             32 |
|  cpu_clk_reg_n_0_BUFG | sccomp/imem/array_reg_reg[5][0][0]  | reset_IBUF       |               17 |             32 |
|  cpu_clk_reg_n_0_BUFG | sccomp/imem/array_reg_reg[6][0][0]  | reset_IBUF       |               19 |             32 |
|  cpu_clk_reg_n_0_BUFG | sccomp/imem/array_reg_reg[7][0][0]  | reset_IBUF       |               17 |             32 |
|  cpu_clk_reg_n_0_BUFG | sccomp/imem/array_reg_reg[8][0][0]  | reset_IBUF       |               24 |             32 |
|  clk_in_IBUF_BUFG     |                                     | reset_IBUF       |               24 |             81 |
+-----------------------+-------------------------------------+------------------+------------------+----------------+


