# do {MULTU_tb_compile.do}
# Model Technology ModelSim PE vmap 10.4c Lib Mapping Utility 2015.07 Jul 20 2015
# vmap xil_defaultlib msim/xil_defaultlib 
# Modifying modelsim.ini
# ** Warning: (vlog-159) Mode option -64 is not supported in this context and will be ignored.
# 
# Model Technology ModelSim PE vlog 10.4c Compiler 2015.07 Jul 20 2015
# Start time: 14:48:56 on Apr 02,2026
# vlog -64 -incr -work xil_defaultlib ../../../MULTU.srcs/sources_1/new/MULTU.v ../../../MULTU.srcs/sim_1/new/MULTU_tb.v 
# -- Compiling module MULTU
# -- Compiling module MULTU_tb
# 
# Top level modules:
# 	MULTU_tb
# End time: 14:48:56 on Apr 02,2026, Elapsed time: 0:00:00
# Errors: 0, Warnings: 1
# Model Technology ModelSim PE vlog 10.4c Compiler 2015.07 Jul 20 2015
# Start time: 14:48:56 on Apr 02,2026
# vlog -work xil_defaultlib glbl.v 
# -- Compiling module glbl
# 
# Top level modules:
# 	glbl
# End time: 14:48:56 on Apr 02,2026, Elapsed time: 0:00:00
# Errors: 0, Warnings: 0
