# do {_246tb_ex10_tb_simulate.do}
# vsim -voptargs=""+acc"" -L unisims_ver -L unimacro_ver -L secureip -L dist_mem_gen_v8_0_10 -L xil_defaultlib -lib xil_defaultlib xil_defaultlib._246tb_ex10_tb xil_defaultlib.glbl 
# Start time: 13:50:05 on Aug 04,2026
# //  ModelSim PE 10.4c Jul 20 2015 
# //
# //  Copyright 1991-2015 Mentor Graphics Corporation
# //  All Rights Reserved.
# //
# //  THIS WORK CONTAINS TRADE SECRET AND PROPRIETARY INFORMATION
# //  WHICH IS THE PROPERTY OF MENTOR GRAPHICS CORPORATION OR ITS
# //  LICENSORS AND IS SUBJECT TO LICENSE TERMS.
# //  THIS DOCUMENT CONTAINS TRADE SECRETS AND COMMERCIAL OR FINANCIAL
# //  INFORMATION THAT ARE PRIVILEGED, CONFIDENTIAL, AND EXEMPT FROM
# //  DISCLOSURE UNDER THE FREEDOM OF INFORMATION ACT, 5 U.S.C. SECTION 552.
# //  FURTHERMORE, THIS INFORMATION IS PROHIBITED FROM DISCLOSURE UNDER
# //  THE TRADE SECRETS ACT, 18 U.S.C. SECTION 1905.
# //
# Loading xil_defaultlib._246tb_ex10_tb
# Loading xil_defaultlib.sccomp_dataflow
# Loading xil_defaultlib.cpu
# Loading xil_defaultlib.PC
# Loading xil_defaultlib.inst_decoder
# Loading xil_defaultlib.controller
# Loading xil_defaultlib.regfile
# Loading xil_defaultlib.alu
# Loading xil_defaultlib.DIV
# Loading xil_defaultlib.MUL
# Loading xil_defaultlib.HI_LO
# Loading xil_defaultlib.CLZ
# Loading xil_defaultlib.CP0
# Loading xil_defaultlib.IMEM
# Loading xil_defaultlib.dist_mem_gen_0
# Loading dist_mem_gen_v8_0_10.dist_mem_gen_v8_0_10
# Loading xil_defaultlib.DMEM
# Loading xil_defaultlib.glbl
# ** Warning: (vsim-WLF-5000) WLF file currently in use: vsim.wlf
# 
#           File in use by: Administrator  Hostname: PC-202601181451  ProcessID: 15432
# 
#           Attempting to use alternate WLF file "./wlft4i6sqv".
# ** Warning: (vsim-WLF-5001) Could not open WLF file: vsim.wlf
# 
#           Using alternate file: ./wlft4i6sqv
# 
# .main_pane.wave.interior.cs.body.pw.wf
# .main_pane.structure.interior.cs.body.struct
# .main_pane.objects.interior.cs.body.tree
# WARNING: This core is supplied with a behavioral model. To model cycle-accurate behavior you must run timing simulation.
# ** Warning: (vsim-PLI-3408) Too few data words read on line 1320 of file "dist_mem_gen_0.mif". Expected 2048, found 1319.    : ../../../CPU54.ip_user_files/ipstatic/dist_mem_gen_v8_0_10/simulation/dist_mem_gen_v8_0.# End time: 13:50:45 on Aug 04,2026, Elapsed time: 0:08:32
# Errors: 0, Warnings: 1run -all
# ** Note: $finish    : ../../../CPU54.srcs/sim_1/new/testbench_cpu54_single.v(108)
#    Time: 2147 ns  Iteration: 1  Instance: /_246tb_ex10_tb
# 1
# Break in Module _246tb_ex10_tb at ../../../CPU54.srcs/sim_1/new/testbench_cpu54_single.v line 108
# End time: 14:13:20 on Aug 04,2026, Elapsed time: 0:23:15
# Errors: 0, Warnings: 3
